MPLINK 4.47, Linker
Linker Map File - Created Sun May 25 13:11:43 2014

                                 Section Info
                  Section       Type    Address   Location Size(Bytes)
                ---------  ---------  ---------  ---------  ---------
                   .org_0       code   0x000000    program   0x00001e
                   .cinit    romdata   0x00000f    program   0x000004
                    .code       code   0x000011    program   0x000632
      .config_2007_MAIN.O       code   0x002007    program   0x000002
               .udata_shr      udata   0x000020       data   0x000021



                              Program Memory Usage 
                               Start         End      
                           ---------   ---------      
                            0x000000    0x000329      
                            0x002007    0x002007      
            811 out of 1158 program addresses used, program memory utilization is 70%



                              Symbols - Sorted by Name
                     Name    Address   Location    Storage File                     
                ---------  ---------  ---------  --------- ---------                
                 A2D_Init   0x000305    program     extern C:\Users\Gregory\Desktop\Project\12F675\Vape\analog.asm
                 A2D_Read   0x000309    program     extern C:\Users\Gregory\Desktop\Project\12F675\Vape\analog.asm
            A2D_StatLight   0x00031f    program     static C:\Users\Gregory\Desktop\Project\12F675\Vape\analog.asm
                   ANALOG   0x000313    program     extern C:\Users\Gregory\Desktop\Project\12F675\Vape\analog.asm
                      BD0   0x0000c0    program     static C:\Users\Gregory\Desktop\Project\12F675\Vape\timer.asm
                   BTN1_D   0x00016d    program     static C:\Users\Gregory\Desktop\Project\12F675\Vape\keyboard.asm
                   BTN2_D   0x000177    program     static C:\Users\Gregory\Desktop\Project\12F675\Vape\keyboard.asm
              BTN_COMMAND   0x00017f    program     static C:\Users\Gregory\Desktop\Project\12F675\Vape\keyboard.asm
                  CHARSET   0x000123    program     static C:\Users\Gregory\Desktop\Project\12F675\Vape\keyboard.asm
               CONV_ALPHA   0x0002a0    program     extern C:\Users\Gregory\Desktop\Project\12F675\Vape\math.asm
                 CONV_HEX   0x0002a4    program     extern C:\Users\Gregory\Desktop\Project\12F675\Vape\math.asm
             CONV_NUMERIC   0x0002a2    program     extern C:\Users\Gregory\Desktop\Project\12F675\Vape\math.asm
                Ctrl_loop   0x000167    program     static C:\Users\Gregory\Desktop\Project\12F675\Vape\keyboard.asm
                     D8NC   0x00028e    program     static C:\Users\Gregory\Desktop\Project\12F675\Vape\math.asm
                 DISPLOOP   0x0001a7    program     static C:\Users\Gregory\Desktop\Project\12F675\Vape\keyboard.asm
                  DIV_8NC   0x00028c    program     extern C:\Users\Gregory\Desktop\Project\12F675\Vape\math.asm
                Delay1000   0x0000cd    program     extern C:\Users\Gregory\Desktop\Project\12F675\Vape\timer.asm
                 Delay125   0x0000c4    program     extern C:\Users\Gregory\Desktop\Project\12F675\Vape\timer.asm
              EEPROM_Read   0x0000da    program     extern C:\Users\Gregory\Desktop\Project\12F675\Vape\eeprom.asm
             EEPROM_Write   0x0000e3    program     extern C:\Users\Gregory\Desktop\Project\12F675\Vape\eeprom.asm
                      GEN   0x0001d5    program     static C:\Users\Gregory\Desktop\Project\12F675\Vape\keyboard.asm
                     Init   0x000000    program     static C:\Users\Gregory\Desktop\Project\12F675\Vape\main.asm
                       KB   0x000107    program     static C:\Users\Gregory\Desktop\Project\12F675\Vape\keyboard.asm
                   KB_ALP   0x000194    program     static C:\Users\Gregory\Desktop\Project\12F675\Vape\keyboard.asm
              KB_CLR_LINE   0x000158    program     static C:\Users\Gregory\Desktop\Project\12F675\Vape\keyboard.asm
                   KB_DEL   0x00019a    program     static C:\Users\Gregory\Desktop\Project\12F675\Vape\keyboard.asm
                  KB_DRAW   0x00010f    program     static C:\Users\Gregory\Desktop\Project\12F675\Vape\keyboard.asm
                KB_EEPROM   0x0001df    program     static C:\Users\Gregory\Desktop\Project\12F675\Vape\keyboard.asm
                   KB_END   0x0001a4    program     static C:\Users\Gregory\Desktop\Project\12F675\Vape\keyboard.asm
                  KB_LINE   0x00015d    program     static C:\Users\Gregory\Desktop\Project\12F675\Vape\keyboard.asm
                 KEYBOARD   0x0000fb    program     extern C:\Users\Gregory\Desktop\Project\12F675\Vape\keyboard.asm
                LIMITLOOP   0x0001b5    program     static C:\Users\Gregory\Desktop\Project\12F675\Vape\keyboard.asm
                       M8   0x000299    program     static C:\Users\Gregory\Desktop\Project\12F675\Vape\math.asm
                     MENU   0x0001e8    program     extern C:\Users\Gregory\Desktop\Project\12F675\Vape\menu.asm
                   MENU_0   0x0001f6    program     static C:\Users\Gregory\Desktop\Project\12F675\Vape\menu.asm
                       MU   0x0001ee    program     static C:\Users\Gregory\Desktop\Project\12F675\Vape\menu.asm
                    MUL_8   0x000295    program     extern C:\Users\Gregory\Desktop\Project\12F675\Vape\math.asm
               MU_Command   0x000268    program     static C:\Users\Gregory\Desktop\Project\12F675\Vape\menu.asm
                  MU_Ctrl   0x0001f0    program     static C:\Users\Gregory\Desktop\Project\12F675\Vape\menu.asm
                  MU_Disp   0x00027f    program     static C:\Users\Gregory\Desktop\Project\12F675\Vape\menu.asm
                   MU_GP3   0x000263    program     static C:\Users\Gregory\Desktop\Project\12F675\Vape\menu.asm
                   MU_GP5   0x000259    program     static C:\Users\Gregory\Desktop\Project\12F675\Vape\menu.asm
                 MU_Limit   0x000251    program     static C:\Users\Gregory\Desktop\Project\12F675\Vape\menu.asm
                     Main   0x00000d    program     static C:\Users\Gregory\Desktop\Project\12F675\Vape\main.asm
                  OLED_CS   0x00007a    program     static C:\Users\Gregory\Desktop\Project\12F675\Vape\oled.asm
               OLED_Clear   0x000070    program     extern C:\Users\Gregory\Desktop\Project\12F675\Vape\oled.asm
         OLED_ClearScreen   0x000075    program     extern C:\Users\Gregory\Desktop\Project\12F675\Vape\oled.asm
               OLED_DMNOT   0x000087    program     extern C:\Users\Gregory\Desktop\Project\12F675\Vape\oled.asm
              OLED_DMNULL   0x00008e    program     extern C:\Users\Gregory\Desktop\Project\12F675\Vape\oled.asm
                OLED_DOUT   0x00004f    program     extern C:\Users\Gregory\Desktop\Project\12F675\Vape\oled.asm
            OLED_DrawLine   0x00004a    program     extern C:\Users\Gregory\Desktop\Project\12F675\Vape\oled.asm
            OLED_DrawRect   0x000045    program     extern C:\Users\Gregory\Desktop\Project\12F675\Vape\oled.asm
              OLED_EEPROM   0x0000ad    program     extern C:\Users\Gregory\Desktop\Project\12F675\Vape\oled.asm
            OLED_FillRect   0x000040    program     extern C:\Users\Gregory\Desktop\Project\12F675\Vape\oled.asm
                 OLED_HEX   0x0000b5    program     extern C:\Users\Gregory\Desktop\Project\12F675\Vape\oled.asm
                OLED_Init   0x000026    program     extern C:\Users\Gregory\Desktop\Project\12F675\Vape\oled.asm
            OLED_NextLine   0x0000a6    program     extern C:\Users\Gregory\Desktop\Project\12F675\Vape\oled.asm
               OLED_Orgin   0x000058    program     extern C:\Users\Gregory\Desktop\Project\12F675\Vape\oled.asm
           OLED_Rotate180   0x000095    program     extern C:\Users\Gregory\Desktop\Project\12F675\Vape\oled.asm
            OLED_SendNull   0x0000a2    program     extern C:\Users\Gregory\Desktop\Project\12F675\Vape\oled.asm
        OLED_SetBaud19.2k   0x000030    program     static C:\Users\Gregory\Desktop\Project\12F675\Vape\oled.asm
         OLED_StartScreen   0x000066    program     extern C:\Users\Gregory\Desktop\Project\12F675\Vape\oled.asm
           OLED_StartText   0x00009d    program     extern C:\Users\Gregory\Desktop\Project\12F675\Vape\oled.asm
             OLED_TextPos   0x000061    program     extern C:\Users\Gregory\Desktop\Project\12F675\Vape\oled.asm
                UART_Init   0x000011    program     extern C:\Users\Gregory\Desktop\Project\12F675\Vape\uart.asm
            UART_SendByte   0x000013    program     extern C:\Users\Gregory\Desktop\Project\12F675\Vape\uart.asm
                  WELCOME   0x0002ae    program     extern C:\Users\Gregory\Desktop\Project\12F675\Vape\welcome.asm
                    WEL_E   0x0002ca    program     static C:\Users\Gregory\Desktop\Project\12F675\Vape\welcome.asm
               WEL_EEPROM   0x0002c8    program     static C:\Users\Gregory\Desktop\Project\12F675\Vape\welcome.asm
                WEL_INCON   0x0002f7    program     static C:\Users\Gregory\Desktop\Project\12F675\Vape\welcome.asm
                WEL_STATS   0x0002d3    program     static C:\Users\Gregory\Desktop\Project\12F675\Vape\welcome.asm
               WEL_TURNON   0x0002e9    program     static C:\Users\Gregory\Desktop\Project\12F675\Vape\welcome.asm
                       XT   0x000019    program     static C:\Users\Gregory\Desktop\Project\12F675\Vape\uart.asm
              _.code_0004   0x000290    program     static C:\Users\Gregory\Desktop\Project\12F675\Vape\math.asm
              _.code_0006   0x00030b    program     static C:\Users\Gregory\Desktop\Project\12F675\Vape\analog.asm
              _.code_000A   0x0000c9    program     static C:\Users\Gregory\Desktop\Project\12F675\Vape\timer.asm
              _.code_0015   0x0000d4    program     static C:\Users\Gregory\Desktop\Project\12F675\Vape\timer.asm
              _.code_0017   0x0000d6    program     static C:\Users\Gregory\Desktop\Project\12F675\Vape\timer.asm
              _.code_001B   0x0000f5    program     static C:\Users\Gregory\Desktop\Project\12F675\Vape\eeprom.asm
              _.code_001B   0x0002a7    program     static C:\Users\Gregory\Desktop\Project\12F675\Vape\math.asm
              _.code_001E   0x000323    program     static C:\Users\Gregory\Desktop\Project\12F675\Vape\analog.asm
              _.code_001F   0x0002cd    program     static C:\Users\Gregory\Desktop\Project\12F675\Vape\welcome.asm
              _.code_0021   0x000326    program     static C:\Users\Gregory\Desktop\Project\12F675\Vape\analog.asm
              _.code_006C   0x000254    program     static C:\Users\Gregory\Desktop\Project\12F675\Vape\menu.asm
              _.code_0073   0x00025b    program     static C:\Users\Gregory\Desktop\Project\12F675\Vape\menu.asm
              _.code_0074   0x00016f    program     static C:\Users\Gregory\Desktop\Project\12F675\Vape\keyboard.asm
              _.code_007D   0x000265    program     static C:\Users\Gregory\Desktop\Project\12F675\Vape\menu.asm
              _.code_007E   0x000179    program     static C:\Users\Gregory\Desktop\Project\12F675\Vape\keyboard.asm
              _.code_0084   0x00026c    program     static C:\Users\Gregory\Desktop\Project\12F675\Vape\menu.asm
              _.code_0087   0x000182    program     static C:\Users\Gregory\Desktop\Project\12F675\Vape\keyboard.asm
              _.code_0089   0x000184    program     static C:\Users\Gregory\Desktop\Project\12F675\Vape\keyboard.asm
              _.code_008A   0x0000b0    program     static C:\Users\Gregory\Desktop\Project\12F675\Vape\oled.asm
              _.code_008D   0x000188    program     static C:\Users\Gregory\Desktop\Project\12F675\Vape\keyboard.asm
              _.code_008D   0x000275    program     static C:\Users\Gregory\Desktop\Project\12F675\Vape\menu.asm
              _.code_008F   0x00018a    program     static C:\Users\Gregory\Desktop\Project\12F675\Vape\keyboard.asm
              _.code_0090   0x00018b    program     static C:\Users\Gregory\Desktop\Project\12F675\Vape\keyboard.asm
              _.code_0093   0x00027b    program     static C:\Users\Gregory\Desktop\Project\12F675\Vape\menu.asm
              _.code_0095   0x000190    program     static C:\Users\Gregory\Desktop\Project\12F675\Vape\keyboard.asm
              _.code_00A5   0x0001a0    program     static C:\Users\Gregory\Desktop\Project\12F675\Vape\keyboard.asm
              _.code_00BD   0x0001b8    program     static C:\Users\Gregory\Desktop\Project\12F675\Vape\keyboard.asm
              _.code_00C1   0x0001bc    program     static C:\Users\Gregory\Desktop\Project\12F675\Vape\keyboard.asm
              _.code_00CA   0x0001c5    program     static C:\Users\Gregory\Desktop\Project\12F675\Vape\keyboard.asm
              _.code_00CE   0x0001c9    program     static C:\Users\Gregory\Desktop\Project\12F675\Vape\keyboard.asm
              _.code_00D4   0x0001cf    program     static C:\Users\Gregory\Desktop\Project\12F675\Vape\keyboard.asm
              _.code_00E1   0x0001dc    program     static C:\Users\Gregory\Desktop\Project\12F675\Vape\keyboard.asm
              _.code_00E7   0x0001e2    program     static C:\Users\Gregory\Desktop\Project\12F675\Vape\keyboard.asm
                    d1000   0x0000d3    program     static C:\Users\Gregory\Desktop\Project\12F675\Vape\timer.asm
                     d125   0x0000c8    program     static C:\Users\Gregory\Desktop\Project\12F675\Vape\timer.asm
                var_delay   0x0000bf    program     extern C:\Users\Gregory\Desktop\Project\12F675\Vape\timer.asm
                     NumH   0x00003e       data     extern C:\Users\Gregory\Desktop\Project\12F675\Vape\analog.asm
                     NumL   0x00003f       data     extern C:\Users\Gregory\Desktop\Project\12F675\Vape\analog.asm
                     baud   0x000022       data     extern C:\Users\Gregory\Desktop\Project\12F675\Vape\uart.asm
                 bit_cntr   0x000020       data     static C:\Users\Gregory\Desktop\Project\12F675\Vape\uart.asm
                       d1   0x000025       data     static C:\Users\Gregory\Desktop\Project\12F675\Vape\timer.asm
                       d2   0x000026       data     static C:\Users\Gregory\Desktop\Project\12F675\Vape\timer.asm
                       d3   0x000027       data     static C:\Users\Gregory\Desktop\Project\12F675\Vape\timer.asm
                   ee_adr   0x000028       data     extern C:\Users\Gregory\Desktop\Project\12F675\Vape\eeprom.asm
                   ee_dat   0x000029       data     extern C:\Users\Gregory\Desktop\Project\12F675\Vape\eeprom.asm
                     font   0x000023       data     static C:\Users\Gregory\Desktop\Project\12F675\Vape\oled.asm
                       ga   0x00002e       data     static C:\Users\Gregory\Desktop\Project\12F675\Vape\keyboard.asm
                       ge   0x00002d       data     static C:\Users\Gregory\Desktop\Project\12F675\Vape\keyboard.asm
                       gs   0x00002f       data     static C:\Users\Gregory\Desktop\Project\12F675\Vape\keyboard.asm
                   hextmp   0x000040       data     static C:\Users\Gregory\Desktop\Project\12F675\Vape\analog.asm
                   kb_adr   0x000030       data     extern C:\Users\Gregory\Desktop\Project\12F675\Vape\keyboard.asm
                   kb_cur   0x000032       data     static C:\Users\Gregory\Desktop\Project\12F675\Vape\keyboard.asm
                   kb_end   0x000033       data     static C:\Users\Gregory\Desktop\Project\12F675\Vape\keyboard.asm
                   kb_len   0x000031       data     extern C:\Users\Gregory\Desktop\Project\12F675\Vape\keyboard.asm
                     kb_x   0x00002a       data     static C:\Users\Gregory\Desktop\Project\12F675\Vape\keyboard.asm
                     kb_y   0x00002b       data     static C:\Users\Gregory\Desktop\Project\12F675\Vape\keyboard.asm
                       lc   0x00002c       data     static C:\Users\Gregory\Desktop\Project\12F675\Vape\keyboard.asm
                    math1   0x000038       data     extern C:\Users\Gregory\Desktop\Project\12F675\Vape\math.asm
                    math2   0x000039       data     extern C:\Users\Gregory\Desktop\Project\12F675\Vape\math.asm
                   mcount   0x00003a       data     static C:\Users\Gregory\Desktop\Project\12F675\Vape\math.asm
                     mtmp   0x000037       data     extern C:\Users\Gregory\Desktop\Project\12F675\Vape\math.asm
                   mu_pos   0x000035       data     static C:\Users\Gregory\Desktop\Project\12F675\Vape\menu.asm
                   mu_sel   0x000036       data     static C:\Users\Gregory\Desktop\Project\12F675\Vape\menu.asm
                     mu_y   0x000034       data     static C:\Users\Gregory\Desktop\Project\12F675\Vape\menu.asm
                  oledtmp   0x000024       data     static C:\Users\Gregory\Desktop\Project\12F675\Vape\oled.asm
                  tx_byte   0x000021       data     extern C:\Users\Gregory\Desktop\Project\12F675\Vape\uart.asm
                    wel_c   0x00003d       data     static C:\Users\Gregory\Desktop\Project\12F675\Vape\welcome.asm
                  wel_onH   0x00003b       data     static C:\Users\Gregory\Desktop\Project\12F675\Vape\welcome.asm
                  wel_onL   0x00003c       data     static C:\Users\Gregory\Desktop\Project\12F675\Vape\welcome.asm



                              Symbols - Sorted by Address
                     Name    Address   Location    Storage File                     
                ---------  ---------  ---------  --------- ---------                
                     Init   0x000000    program     static C:\Users\Gregory\Desktop\Project\12F675\Vape\main.asm
                     Main   0x00000d    program     static C:\Users\Gregory\Desktop\Project\12F675\Vape\main.asm
                UART_Init   0x000011    program     extern C:\Users\Gregory\Desktop\Project\12F675\Vape\uart.asm
            UART_SendByte   0x000013    program     extern C:\Users\Gregory\Desktop\Project\12F675\Vape\uart.asm
                       XT   0x000019    program     static C:\Users\Gregory\Desktop\Project\12F675\Vape\uart.asm
                OLED_Init   0x000026    program     extern C:\Users\Gregory\Desktop\Project\12F675\Vape\oled.asm
        OLED_SetBaud19.2k   0x000030    program     static C:\Users\Gregory\Desktop\Project\12F675\Vape\oled.asm
            OLED_FillRect   0x000040    program     extern C:\Users\Gregory\Desktop\Project\12F675\Vape\oled.asm
            OLED_DrawRect   0x000045    program     extern C:\Users\Gregory\Desktop\Project\12F675\Vape\oled.asm
            OLED_DrawLine   0x00004a    program     extern C:\Users\Gregory\Desktop\Project\12F675\Vape\oled.asm
                OLED_DOUT   0x00004f    program     extern C:\Users\Gregory\Desktop\Project\12F675\Vape\oled.asm
               OLED_Orgin   0x000058    program     extern C:\Users\Gregory\Desktop\Project\12F675\Vape\oled.asm
             OLED_TextPos   0x000061    program     extern C:\Users\Gregory\Desktop\Project\12F675\Vape\oled.asm
         OLED_StartScreen   0x000066    program     extern C:\Users\Gregory\Desktop\Project\12F675\Vape\oled.asm
               OLED_Clear   0x000070    program     extern C:\Users\Gregory\Desktop\Project\12F675\Vape\oled.asm
         OLED_ClearScreen   0x000075    program     extern C:\Users\Gregory\Desktop\Project\12F675\Vape\oled.asm
                  OLED_CS   0x00007a    program     static C:\Users\Gregory\Desktop\Project\12F675\Vape\oled.asm
               OLED_DMNOT   0x000087    program     extern C:\Users\Gregory\Desktop\Project\12F675\Vape\oled.asm
              OLED_DMNULL   0x00008e    program     extern C:\Users\Gregory\Desktop\Project\12F675\Vape\oled.asm
           OLED_Rotate180   0x000095    program     extern C:\Users\Gregory\Desktop\Project\12F675\Vape\oled.asm
           OLED_StartText   0x00009d    program     extern C:\Users\Gregory\Desktop\Project\12F675\Vape\oled.asm
            OLED_SendNull   0x0000a2    program     extern C:\Users\Gregory\Desktop\Project\12F675\Vape\oled.asm
            OLED_NextLine   0x0000a6    program     extern C:\Users\Gregory\Desktop\Project\12F675\Vape\oled.asm
              OLED_EEPROM   0x0000ad    program     extern C:\Users\Gregory\Desktop\Project\12F675\Vape\oled.asm
              _.code_008A   0x0000b0    program     static C:\Users\Gregory\Desktop\Project\12F675\Vape\oled.asm
                 OLED_HEX   0x0000b5    program     extern C:\Users\Gregory\Desktop\Project\12F675\Vape\oled.asm
                var_delay   0x0000bf    program     extern C:\Users\Gregory\Desktop\Project\12F675\Vape\timer.asm
                      BD0   0x0000c0    program     static C:\Users\Gregory\Desktop\Project\12F675\Vape\timer.asm
                 Delay125   0x0000c4    program     extern C:\Users\Gregory\Desktop\Project\12F675\Vape\timer.asm
                     d125   0x0000c8    program     static C:\Users\Gregory\Desktop\Project\12F675\Vape\timer.asm
              _.code_000A   0x0000c9    program     static C:\Users\Gregory\Desktop\Project\12F675\Vape\timer.asm
                Delay1000   0x0000cd    program     extern C:\Users\Gregory\Desktop\Project\12F675\Vape\timer.asm
                    d1000   0x0000d3    program     static C:\Users\Gregory\Desktop\Project\12F675\Vape\timer.asm
              _.code_0015   0x0000d4    program     static C:\Users\Gregory\Desktop\Project\12F675\Vape\timer.asm
              _.code_0017   0x0000d6    program     static C:\Users\Gregory\Desktop\Project\12F675\Vape\timer.asm
              EEPROM_Read   0x0000da    program     extern C:\Users\Gregory\Desktop\Project\12F675\Vape\eeprom.asm
             EEPROM_Write   0x0000e3    program     extern C:\Users\Gregory\Desktop\Project\12F675\Vape\eeprom.asm
              _.code_001B   0x0000f5    program     static C:\Users\Gregory\Desktop\Project\12F675\Vape\eeprom.asm
                 KEYBOARD   0x0000fb    program     extern C:\Users\Gregory\Desktop\Project\12F675\Vape\keyboard.asm
                       KB   0x000107    program     static C:\Users\Gregory\Desktop\Project\12F675\Vape\keyboard.asm
                  KB_DRAW   0x00010f    program     static C:\Users\Gregory\Desktop\Project\12F675\Vape\keyboard.asm
                  CHARSET   0x000123    program     static C:\Users\Gregory\Desktop\Project\12F675\Vape\keyboard.asm
              KB_CLR_LINE   0x000158    program     static C:\Users\Gregory\Desktop\Project\12F675\Vape\keyboard.asm
                  KB_LINE   0x00015d    program     static C:\Users\Gregory\Desktop\Project\12F675\Vape\keyboard.asm
                Ctrl_loop   0x000167    program     static C:\Users\Gregory\Desktop\Project\12F675\Vape\keyboard.asm
                   BTN1_D   0x00016d    program     static C:\Users\Gregory\Desktop\Project\12F675\Vape\keyboard.asm
              _.code_0074   0x00016f    program     static C:\Users\Gregory\Desktop\Project\12F675\Vape\keyboard.asm
                   BTN2_D   0x000177    program     static C:\Users\Gregory\Desktop\Project\12F675\Vape\keyboard.asm
              _.code_007E   0x000179    program     static C:\Users\Gregory\Desktop\Project\12F675\Vape\keyboard.asm
              BTN_COMMAND   0x00017f    program     static C:\Users\Gregory\Desktop\Project\12F675\Vape\keyboard.asm
              _.code_0087   0x000182    program     static C:\Users\Gregory\Desktop\Project\12F675\Vape\keyboard.asm
              _.code_0089   0x000184    program     static C:\Users\Gregory\Desktop\Project\12F675\Vape\keyboard.asm
              _.code_008D   0x000188    program     static C:\Users\Gregory\Desktop\Project\12F675\Vape\keyboard.asm
              _.code_008F   0x00018a    program     static C:\Users\Gregory\Desktop\Project\12F675\Vape\keyboard.asm
              _.code_0090   0x00018b    program     static C:\Users\Gregory\Desktop\Project\12F675\Vape\keyboard.asm
              _.code_0095   0x000190    program     static C:\Users\Gregory\Desktop\Project\12F675\Vape\keyboard.asm
                   KB_ALP   0x000194    program     static C:\Users\Gregory\Desktop\Project\12F675\Vape\keyboard.asm
                   KB_DEL   0x00019a    program     static C:\Users\Gregory\Desktop\Project\12F675\Vape\keyboard.asm
              _.code_00A5   0x0001a0    program     static C:\Users\Gregory\Desktop\Project\12F675\Vape\keyboard.asm
                   KB_END   0x0001a4    program     static C:\Users\Gregory\Desktop\Project\12F675\Vape\keyboard.asm
                 DISPLOOP   0x0001a7    program     static C:\Users\Gregory\Desktop\Project\12F675\Vape\keyboard.asm
                LIMITLOOP   0x0001b5    program     static C:\Users\Gregory\Desktop\Project\12F675\Vape\keyboard.asm
              _.code_00BD   0x0001b8    program     static C:\Users\Gregory\Desktop\Project\12F675\Vape\keyboard.asm
              _.code_00C1   0x0001bc    program     static C:\Users\Gregory\Desktop\Project\12F675\Vape\keyboard.asm
              _.code_00CA   0x0001c5    program     static C:\Users\Gregory\Desktop\Project\12F675\Vape\keyboard.asm
              _.code_00CE   0x0001c9    program     static C:\Users\Gregory\Desktop\Project\12F675\Vape\keyboard.asm
              _.code_00D4   0x0001cf    program     static C:\Users\Gregory\Desktop\Project\12F675\Vape\keyboard.asm
                      GEN   0x0001d5    program     static C:\Users\Gregory\Desktop\Project\12F675\Vape\keyboard.asm
              _.code_00E1   0x0001dc    program     static C:\Users\Gregory\Desktop\Project\12F675\Vape\keyboard.asm
                KB_EEPROM   0x0001df    program     static C:\Users\Gregory\Desktop\Project\12F675\Vape\keyboard.asm
              _.code_00E7   0x0001e2    program     static C:\Users\Gregory\Desktop\Project\12F675\Vape\keyboard.asm
                     MENU   0x0001e8    program     extern C:\Users\Gregory\Desktop\Project\12F675\Vape\menu.asm
                       MU   0x0001ee    program     static C:\Users\Gregory\Desktop\Project\12F675\Vape\menu.asm
                  MU_Ctrl   0x0001f0    program     static C:\Users\Gregory\Desktop\Project\12F675\Vape\menu.asm
                   MENU_0   0x0001f6    program     static C:\Users\Gregory\Desktop\Project\12F675\Vape\menu.asm
                 MU_Limit   0x000251    program     static C:\Users\Gregory\Desktop\Project\12F675\Vape\menu.asm
              _.code_006C   0x000254    program     static C:\Users\Gregory\Desktop\Project\12F675\Vape\menu.asm
                   MU_GP5   0x000259    program     static C:\Users\Gregory\Desktop\Project\12F675\Vape\menu.asm
              _.code_0073   0x00025b    program     static C:\Users\Gregory\Desktop\Project\12F675\Vape\menu.asm
                   MU_GP3   0x000263    program     static C:\Users\Gregory\Desktop\Project\12F675\Vape\menu.asm
              _.code_007D   0x000265    program     static C:\Users\Gregory\Desktop\Project\12F675\Vape\menu.asm
               MU_Command   0x000268    program     static C:\Users\Gregory\Desktop\Project\12F675\Vape\menu.asm
              _.code_0084   0x00026c    program     static C:\Users\Gregory\Desktop\Project\12F675\Vape\menu.asm
              _.code_008D   0x000275    program     static C:\Users\Gregory\Desktop\Project\12F675\Vape\menu.asm
              _.code_0093   0x00027b    program     static C:\Users\Gregory\Desktop\Project\12F675\Vape\menu.asm
                  MU_Disp   0x00027f    program     static C:\Users\Gregory\Desktop\Project\12F675\Vape\menu.asm
                  DIV_8NC   0x00028c    program     extern C:\Users\Gregory\Desktop\Project\12F675\Vape\math.asm
                     D8NC   0x00028e    program     static C:\Users\Gregory\Desktop\Project\12F675\Vape\math.asm
              _.code_0004   0x000290    program     static C:\Users\Gregory\Desktop\Project\12F675\Vape\math.asm
                    MUL_8   0x000295    program     extern C:\Users\Gregory\Desktop\Project\12F675\Vape\math.asm
                       M8   0x000299    program     static C:\Users\Gregory\Desktop\Project\12F675\Vape\math.asm
               CONV_ALPHA   0x0002a0    program     extern C:\Users\Gregory\Desktop\Project\12F675\Vape\math.asm
             CONV_NUMERIC   0x0002a2    program     extern C:\Users\Gregory\Desktop\Project\12F675\Vape\math.asm
                 CONV_HEX   0x0002a4    program     extern C:\Users\Gregory\Desktop\Project\12F675\Vape\math.asm
              _.code_001B   0x0002a7    program     static C:\Users\Gregory\Desktop\Project\12F675\Vape\math.asm
                  WELCOME   0x0002ae    program     extern C:\Users\Gregory\Desktop\Project\12F675\Vape\welcome.asm
               WEL_EEPROM   0x0002c8    program     static C:\Users\Gregory\Desktop\Project\12F675\Vape\welcome.asm
                    WEL_E   0x0002ca    program     static C:\Users\Gregory\Desktop\Project\12F675\Vape\welcome.asm
              _.code_001F   0x0002cd    program     static C:\Users\Gregory\Desktop\Project\12F675\Vape\welcome.asm
                WEL_STATS   0x0002d3    program     static C:\Users\Gregory\Desktop\Project\12F675\Vape\welcome.asm
               WEL_TURNON   0x0002e9    program     static C:\Users\Gregory\Desktop\Project\12F675\Vape\welcome.asm
                WEL_INCON   0x0002f7    program     static C:\Users\Gregory\Desktop\Project\12F675\Vape\welcome.asm
                 A2D_Init   0x000305    program     extern C:\Users\Gregory\Desktop\Project\12F675\Vape\analog.asm
                 A2D_Read   0x000309    program     extern C:\Users\Gregory\Desktop\Project\12F675\Vape\analog.asm
              _.code_0006   0x00030b    program     static C:\Users\Gregory\Desktop\Project\12F675\Vape\analog.asm
                   ANALOG   0x000313    program     extern C:\Users\Gregory\Desktop\Project\12F675\Vape\analog.asm
            A2D_StatLight   0x00031f    program     static C:\Users\Gregory\Desktop\Project\12F675\Vape\analog.asm
              _.code_001E   0x000323    program     static C:\Users\Gregory\Desktop\Project\12F675\Vape\analog.asm
              _.code_0021   0x000326    program     static C:\Users\Gregory\Desktop\Project\12F675\Vape\analog.asm
                 bit_cntr   0x000020       data     static C:\Users\Gregory\Desktop\Project\12F675\Vape\uart.asm
                  tx_byte   0x000021       data     extern C:\Users\Gregory\Desktop\Project\12F675\Vape\uart.asm
                     baud   0x000022       data     extern C:\Users\Gregory\Desktop\Project\12F675\Vape\uart.asm
                     font   0x000023       data     static C:\Users\Gregory\Desktop\Project\12F675\Vape\oled.asm
                  oledtmp   0x000024       data     static C:\Users\Gregory\Desktop\Project\12F675\Vape\oled.asm
                       d1   0x000025       data     static C:\Users\Gregory\Desktop\Project\12F675\Vape\timer.asm
                       d2   0x000026       data     static C:\Users\Gregory\Desktop\Project\12F675\Vape\timer.asm
                       d3   0x000027       data     static C:\Users\Gregory\Desktop\Project\12F675\Vape\timer.asm
                   ee_adr   0x000028       data     extern C:\Users\Gregory\Desktop\Project\12F675\Vape\eeprom.asm
                   ee_dat   0x000029       data     extern C:\Users\Gregory\Desktop\Project\12F675\Vape\eeprom.asm
                     kb_x   0x00002a       data     static C:\Users\Gregory\Desktop\Project\12F675\Vape\keyboard.asm
                     kb_y   0x00002b       data     static C:\Users\Gregory\Desktop\Project\12F675\Vape\keyboard.asm
                       lc   0x00002c       data     static C:\Users\Gregory\Desktop\Project\12F675\Vape\keyboard.asm
                       ge   0x00002d       data     static C:\Users\Gregory\Desktop\Project\12F675\Vape\keyboard.asm
                       ga   0x00002e       data     static C:\Users\Gregory\Desktop\Project\12F675\Vape\keyboard.asm
                       gs   0x00002f       data     static C:\Users\Gregory\Desktop\Project\12F675\Vape\keyboard.asm
                   kb_adr   0x000030       data     extern C:\Users\Gregory\Desktop\Project\12F675\Vape\keyboard.asm
                   kb_len   0x000031       data     extern C:\Users\Gregory\Desktop\Project\12F675\Vape\keyboard.asm
                   kb_cur   0x000032       data     static C:\Users\Gregory\Desktop\Project\12F675\Vape\keyboard.asm
                   kb_end   0x000033       data     static C:\Users\Gregory\Desktop\Project\12F675\Vape\keyboard.asm
                     mu_y   0x000034       data     static C:\Users\Gregory\Desktop\Project\12F675\Vape\menu.asm
                   mu_pos   0x000035       data     static C:\Users\Gregory\Desktop\Project\12F675\Vape\menu.asm
                   mu_sel   0x000036       data     static C:\Users\Gregory\Desktop\Project\12F675\Vape\menu.asm
                     mtmp   0x000037       data     extern C:\Users\Gregory\Desktop\Project\12F675\Vape\math.asm
                    math1   0x000038       data     extern C:\Users\Gregory\Desktop\Project\12F675\Vape\math.asm
                    math2   0x000039       data     extern C:\Users\Gregory\Desktop\Project\12F675\Vape\math.asm
                   mcount   0x00003a       data     static C:\Users\Gregory\Desktop\Project\12F675\Vape\math.asm
                  wel_onH   0x00003b       data     static C:\Users\Gregory\Desktop\Project\12F675\Vape\welcome.asm
                  wel_onL   0x00003c       data     static C:\Users\Gregory\Desktop\Project\12F675\Vape\welcome.asm
                    wel_c   0x00003d       data     static C:\Users\Gregory\Desktop\Project\12F675\Vape\welcome.asm
                     NumH   0x00003e       data     extern C:\Users\Gregory\Desktop\Project\12F675\Vape\analog.asm
                     NumL   0x00003f       data     extern C:\Users\Gregory\Desktop\Project\12F675\Vape\analog.asm
                   hextmp   0x000040       data     static C:\Users\Gregory\Desktop\Project\12F675\Vape\analog.asm


